{
  "passed": true,
  "claim_boundary": "Leading one-loop two-Goldstone bubble log cancellation, full transverse coefficient block and Phi-containing degenerate-perturbation radial mode; not a full gauge-independent pole or two-loop stationary theory.",
  "gauge_tangent_projection_error": 1.5253009620571292e-14,
  "trilinear_Ward_max_abs": 2.4424906541753444e-15,
  "trilinear_FD_errors": [
    1.6253665080512292e-13,
    5.413447468072263e-13,
    4.405364961712621e-13
  ],
  "tree_eigenvalue_4_singlet_multiplicity": 3,
  "degenerate_mass4_shifts": [
    -32.03056014731473,
    -28.101235716993898,
    0.9927933597942419
  ],
  "degenerate_modes_Phi_weights": [
    0.4720828136165145,
    2.6628420204948693e-28,
    0.5279171863834857
  ],
  "selected_mode": {
    "index": 2,
    "tree_mass_squared_over_epsilon": 4,
    "mass_shift_over_epsilon_squared": 0.9927933597942419,
    "Phi_weight": 0.5279171863834857,
    "bare_Phi_offdiagonal_H1_norm": 16.485919275536844,
    "two_Goldstone_log_coefficient": 0.05497678156733763,
    "canonical_components_nonzero": [
      {
        "index": 6,
        "value": 0.4858409274734471
      },
      {
        "index": 67,
        "value": 0.48584092747344315
      },
      {
        "index": 186,
        "value": 0.7265790985044132
      }
    ],
    "small_epsilon_full_singlet_checks": [
      {
        "epsilon": 1e-07,
        "mass_squared_over_epsilon": 4.000000099269429,
        "leading_mass_correction": 0.9926942912130698,
        "Phi_weight": 0.5279189534580481,
        "overlap_squared_with_leading_mode": 0.9999999999968572
      },
      {
        "epsilon": 5e-08,
        "mass_squared_over_epsilon": 4.000000049637473,
        "leading_mass_correction": 0.9927494559747174,
        "Phi_weight": 0.5279178545624085,
        "overlap_squared_with_leading_mode": 0.9999999999995293
      },
      {
        "epsilon": 2.5e-08,
        "mass_squared_over_epsilon": 4.000000024818981,
        "leading_mass_correction": 0.9927592259373341,
        "Phi_weight": 0.5279176639761513,
        "overlap_squared_with_leading_mode": 0.9999999999997702
      }
    ]
  },
  "isolated_adjoint_radial": {
    "tree_mass_squared_over_epsilon": 4320.000000000002,
    "full_tree_multiplicity": 1,
    "direction": "adjoint A0 / sqrt(B(A0,A0)); all h and Phi components zero",
    "two_Goldstone_log_coefficient": 44240.64929382796,
    "hard_mass_shift_over_epsilon_squared": 30100.792136401964,
    "integrals": {
      "quadrature_validation": [
        {
          "s": -1,
          "g": 0.2,
          "quadrature_absolute_errors_128_256_512": [
            1.5543122344752192e-15,
            0.0,
            6.661338147750939e-16
          ]
        },
        {
          "s": -1,
          "g": 0.01,
          "quadrature_absolute_errors_128_256_512": [
            3.3306690738754696e-15,
            0.0,
            1.9984014443252818e-15
          ]
        },
        {
          "s": 4,
          "g": 0.1,
          "quadrature_absolute_errors_128_256_512": [
            3.5899915262760646e-09,
            2.2611679195749e-10,
            1.4184986525679786e-11
          ]
        },
        {
          "s": 4,
          "g": 0.01,
          "quadrature_absolute_errors_128_256_512": [
            3.675295734417716e-09,
            2.314899383293323e-10,
            1.4522383295911823e-11
          ]
        },
        {
          "s": 0.001,
          "g": 1,
          "quadrature_absolute_errors_128_256_512": [
            4.662069341687669e-18,
            1.2468324983583301e-18,
            7.860465750519907e-19
          ]
        },
        {
          "s": -0.001,
          "g": 1,
          "quadrature_absolute_errors_128_256_512": [
            4.851804721872632e-18,
            7.26415455565288e-18,
            8.673617379884035e-19
          ]
        }
      ],
      "fixed_nonzero_momentum_scan": [
        {
          "momentum": "spacelike",
          "s_hat": "-4320",
          "G_hat": "1e-4",
          "curvature_over_epsilon2": "-407471.438273383259189822420454005580495930567953004722760525731278459077436534561523091708",
          "Pi_s_minus_Pi_0_real_over_epsilon2": "689329.125527189969039649440464414547553699207129269068227042638739241602961594531469911015",
          "matched_real_over_epsilon2": "281857.687253806709849827020010408967057768639176264345466516907460782525525059969946819307",
          "matched_imag_over_epsilon2": "0E-11",
          "massless_limit_real_over_epsilon2": "281857.649195889216427065257795381323087455968063447468817538188568321280187787038042656441",
          "massless_limit_imag_over_epsilon2": "0E-11",
          "limit_error": "0.038057917493422761762215027643970312671112816876648978718892461245337272931904162866",
          "negative_missing_subtraction": "-125613.751019576549339995400443596613438161928776740377294008823817676551911474591576272400",
          "negative_wrong_sign": "-1096800.56380057322822947186091842012804962977508227379098756837001770068039812909299300272"
        },
        {
          "momentum": "spacelike",
          "s_hat": "-4320",
          "G_hat": "1e-8",
          "curvature_over_epsilon2": "-814942.876546766518379644840908011160991861135906009445521051462556918154873069123046183414",
          "Pi_s_minus_Pi_0_real_over_epsilon2": "1096800.52574834796848088346495957411861398997408483825743500088524432874316137426049294438",
          "matched_real_over_epsilon2": "281857.649201581450101238624051562957622128838178828811913949422687410588288305137446760966",
          "matched_imag_over_epsilon2": "0E-11",
          "massless_limit_real_over_epsilon2": "281857.649195889216427065257795381323087455968063447468817538188568321280187787038042656441",
          "massless_limit_imag_over_epsilon2": "0E-11",
          "limit_error": "0.000005692233674173366256181634534672870115381343096411234119089308100518099404104525",
          "negative_missing_subtraction": "-533085.227345185068278406216856448203369732297727180633607102039869507566584763985599422451",
          "negative_wrong_sign": "-1911743.40229511448686052830586758527960585110999084770295605234780124689803444338353912779"
        },
        {
          "momentum": "spacelike",
          "s_hat": "-4320",
          "G_hat": "1e-16",
          "curvature_over_epsilon2": "-1629885.75309353303675928968181602232198372227181201889104210292511383630974613824609236683",
          "Pi_s_minus_Pi_0_real_over_epsilon2": "1911743.40228942225328100611323042707716101923461888893495606969864791370484939954786713922",
          "matched_real_over_epsilon2": "281857.64919588921652171643141440475517729696280687004391396677353407739510326130177477239",
          "matched_imag_over_epsilon2": "0E-11",
          "massless_limit_real_over_epsilon2": "281857.649195889216427065257795381323087455968063447468817538188568321280187787038042656441",
          "massless_limit_imag_over_epsilon2": "0E-11",
          "limit_error": "9.4651173619023432089840994743422575096428584965756114915474263732115949E-14",
          "negative_missing_subtraction": "-1348028.10389764382023757325040161756680642530900514884712813615157975891464287694431759445",
          "negative_wrong_sign": "-3541629.15538295529004029579504644939914474150643090782599817262376175001459553779395950605"
        },
        {
          "momentum": "spacelike",
          "s_hat": "-4320",
          "G_hat": "1e-32",
          "curvature_over_epsilon2": "-3259771.50618706607351857936363204464396744454362403778208420585022767261949227649218473367",
          "Pi_s_minus_Pi_0_real_over_epsilon2": "3541629.15538295528994564462142742598406578524902285177842787654540444741219428347755781276",
          "matched_real_over_epsilon2": "281857.64919588921642706525779538134009834070539881399634367069517677479270200698537307909",
          "matched_imag_over_epsilon2": "0E-11",
          "massless_limit_real_over_epsilon2": "281857.649195889216427065257795381323087455968063447468817538188568321280187787038042656441",
          "massless_limit_imag_over_epsilon2": "0E-11",
          "limit_error": "1.7010884737335366527526132506608453512514219947330422649E-29",
          "negative_missing_subtraction": "-2977913.85699117685709151410583666330386910383822522378574053515505089782679026950681165458",
          "negative_wrong_sign": "-6801400.66157002136346422398505947062803322979264688956051208239563212003168655996974254643"
        },
        {
          "momentum": "spacelike",
          "s_hat": "-4320",
          "G_hat": "1e-60",
          "curvature_over_epsilon2": "-6112071.57410074888784733630681008370743895851929507084140788596917688616154801842284637561",
          "Pi_s_minus_Pi_0_real_over_epsilon2": "6393929.22329663810427440156460546503052641448735851831022542416076680520617012119434940315",
          "matched_real_over_epsilon2": "281857.64919588921642706525779538132308745596806344746881753819158991904462210277150302754",
          "matched_imag_over_epsilon2": "0E-11",
          "massless_limit_real_over_epsilon2": "281857.649195889216427065257795381323087455968063447468817538188568321280187787038042656441",
          "massless_limit_imag_over_epsilon2": "0E-11",
          "limit_error": "3.021597764434315733460371099E-57",
          "negative_missing_subtraction": "-5830213.92490485967142027104901470238435150255123162337259034777758696711692591565134334806",
          "negative_wrong_sign": "-12506000.7973973869921217378714155487379653730066535891516333101299436913677181396171957788"
        },
        {
          "momentum": "tree_shell",
          "s_hat": "4320",
          "G_hat": "1e-4",
          "curvature_over_epsilon2": "-407471.438273383259189822420454005580495930567953004722760525731278459077436534561523091708",
          "Pi_s_minus_Pi_0_real_over_epsilon2": "689329.049411353362488061508420369718004341033425135663188329058760089685626569339044856440",
          "matched_real_over_epsilon2": "281857.611137970103298239087966364137508410465472130940427803327481630608190034777521764732",
          "matched_imag_over_epsilon2": "-138986.092376990632607927138365050825203478095862787053558595233772261887448929294442575867",
          "massless_limit_real_over_epsilon2": "281857.649195889216427065257795381323087455968063447468817538188568321280187787038042656441",
          "massless_limit_imag_over_epsilon2": "-138986.098811532393200674729611112997510769060469065398356421979663931386257786952562552337",
          "limit_error": "0.0444924608737215737610750793578863364671975948731875616069783601708066099186408681788651763",
          "negative_missing_subtraction": "-125613.827135413155891583332487641442987520102480873782332722403796828469246499784001326975",
          "negative_wrong_sign": "-1096800.48768473662167788392887437529850027160137814038594885479003854876306310390056794815"
        },
        {
          "momentum": "tree_shell",
          "s_hat": "4320",
          "G_hat": "1e-8",
          "curvature_over_epsilon2": "-814942.876546766518379644840908011160991861135906009445521051462556918154873069123046183414",
          "Pi_s_minus_Pi_0_real_over_epsilon2": "1096800.52573696350113251180185951187411437145563285967909476839733912741376982356370581891",
          "matched_real_over_epsilon2": "281857.649190196982752866960951500713122510319726850233573716934782209258896754440659635496",
          "matched_imag_over_epsilon2": "-138986.098810888939039508738313514578668183298103241315891862530091548496038977982730539761",
          "massless_limit_real_over_epsilon2": "281857.649195889216427065257795381323087455968063447468817538188568321280187787038042656441",
          "massless_limit_imag_over_epsilon2": "-138986.098811532393200674729611112997510769060469065398356421979663931386257786952562552337",
          "limit_error": "0.00000633568783536428814147902880753141070242131770838070335849491150984156721503352087349551432",
          "negative_missing_subtraction": "-533085.227356569535626777879956510447869350816179159211947334527774708895976314682386547919",
          "negative_wrong_sign": "-1911743.40228373001951215664276752303510623259153886912461581985989604556864289268675200232"
        },
        {
          "momentum": "tree_shell",
          "s_hat": "4320",
          "G_hat": "1e-16",
          "curvature_over_epsilon2": "-1629885.75309353303675928968181602232198372227181201889104210292511383630974613824609236683",
          "Pi_s_minus_Pi_0_real_over_epsilon2": "1911743.40228942225309170376599238021297709748095116637522706207659960748572430574293341499",
          "matched_real_over_epsilon2": "281857.64919588921633241408417635789099337520913914748418495915148577117597816749684104816",
          "matched_imag_over_epsilon2": "-138986.098811532393194240187999467979306885171560873939716941170460949579818409052729258837",
          "massless_limit_real_over_epsilon2": "281857.649195889216427065257795381323087455968063447468817538188568321280187787038042656441",
          "massless_limit_imag_over_epsilon2": "-138986.098811532393200674729611112997510769060469065398356421979663931386257786952562552337",
          "limit_error": "1.010857152306684502979646478324914432720598462855319106489974410349017805642331956877452E-13",
          "negative_missing_subtraction": "-1348028.10389764382042687559763966443099034706267287140685714377362806513376797074925131868",
          "negative_wrong_sign": "-3541629.15538295528985099344780840253496081975276318526626916500171344379547044398902578182"
        },
        {
          "momentum": "tree_shell",
          "s_hat": "4320",
          "G_hat": "1e-32",
          "curvature_over_epsilon2": "-3259771.50618706607351857936363204464396744454362403778208420585022767261949227649218473367",
          "Pi_s_minus_Pi_0_real_over_epsilon2": "3541629.15538295528994564462142742595004401577435211872337561153218754030983409355452554191",
          "matched_real_over_epsilon2": "281857.64919588921642706525779538130607657123072808094129140568195986769034181706234080824",
          "matched_imag_over_epsilon2": "-138986.098811532393200674729611112996867314899304563577982927861093963803699934447695347205",
          "massless_limit_real_over_epsilon2": "281857.649195889216427065257795381323087455968063447468817538188568321280187787038042656441",
          "massless_limit_imag_over_epsilon2": "-138986.098811532393200674729611112997510769060469065398356421979663931386257786952562552337",
          "limit_error": "1.76543388984998683478996266251784211724038224805690533331394559097254880E-29",
          "negative_missing_subtraction": "-2977913.85699117685709151410583666333789087331289595684079280016826780492915045942984392542",
          "negative_wrong_sign": "-6801400.66157002136346422398505947059401146031797615650545981738241521292932637004671027558"
        },
        {
          "momentum": "tree_shell",
          "s_hat": "4320",
          "G_hat": "1e-60",
          "curvature_over_epsilon2": "-6112071.57410074888784733630681008370743895851929507084140788596917688616154801842284637561",
          "Pi_s_minus_Pi_0_real_over_epsilon2": "6393929.22329663810427440156460546503052641448735851831022542415472360967730148972742866096",
          "matched_real_over_epsilon2": "281857.64919588921642706525779538132308745596806344746881753818554672351575347130458228535",
          "matched_imag_over_epsilon2": "-138986.098811532393200674729611112997510769060469065398356421979599585970141336770525202925",
          "massless_limit_real_over_epsilon2": "281857.649195889216427065257795381323087455968063447468817538188568321280187787038042656441",
          "massless_limit_imag_over_epsilon2": "-138986.098811532393200674729611112997510769060469065398356421979663931386257786952562552337",
          "limit_error": "3.0859431805507659154977205029864518026729876E-57",
          "negative_missing_subtraction": "-5830213.92490485967142027104901470238435150255123162337259034778363016264579454711826409026",
          "negative_wrong_sign": "-12506000.7973973869921217378714155487379653730066535891516333101239004958388495081502750366"
        }
      ],
      "small_momentum_at_fixed_G": [
        {
          "s_over_G": "1e-2",
          "difference_over_s_over_G": "-0.166833571826119716400441689429731937414200149100663827655313014657613713453444126472754"
        },
        {
          "s_over_G": "1e-4",
          "difference_over_s_over_G": "-0.1666683333571432539754691142218892790228347761635098546630428506337913982105814599210"
        },
        {
          "s_over_G": "1e-8",
          "difference_over_s_over_G": "-0.166666666833333333571428571825396826118326119713619716394716400429635735781246643"
        },
        {
          "s_over_G": "1e-16",
          "difference_over_s_over_G": "-0.1666666666666666683333333333333333571428571428571432539682539682539754690"
        }
      ]
    }
  },
  "Phi_degenerate_partial_pole_block": {
    "hard_curvature_matrix": [
      [
        -26.149959090563563,
        -3.637005846269779,
        -9.543552469704158
      ],
      [
        -3.637005846269778,
        -22.2710191128098,
        12.516244696619696
      ],
      [
        -9.543552469704156,
        12.516244696619694,
        -10.718024301141012
      ]
    ],
    "Goldstone_coefficient_matrix": [
      [
        0.07212491484145615,
        -0.014202511605523452,
        -0.008561611986082197
      ],
      [
        -0.014202511605523452,
        0.0736913599044751,
        0.00259851231557085
      ],
      [
        -0.008561611986082197,
        0.00259851231557085,
        0.02689674097360575
      ]
    ],
    "commutator_norm": 1.4641419887125113,
    "partial_pole_shift_eigenvalues": [
      {
        "real": -32.06616909983598,
        "imag": -0.18384506675141035
      },
      {
        "real": -28.137599673206143,
        "imag": -0.1861490761277519
      },
      {
        "real": 0.9587713168726879,
        "imag": -0.17259979848467347
      }
    ],
    "scope": "Only hard curvature plus two-Goldstone momentum-matched bubble. Missing hard momentum and other soft diagrams, so these are NOT full pole eigenvalues."
  }
}
