survivors read and closed
row 0 [2, 12, 19] [0, 0, 9]
row 1 [0, 4, 8] [0, 0, 4]
row 2 [0, 0, 0] [0, 0, 0]
row 3 [2, 0, 0] [2, 0, 0]
H2 basis 4 2
product 0 0 terms 436 coordinates [0, 0, 0, 0, 0, 0] primitive 342
product 0 1 terms 436 coordinates [0, 0, 0, 0, 0, 0] primitive 240
product 0 2 terms 436 coordinates [0, 0, 0, 0, 0, 0] primitive 240
product 0 3 terms 436 coordinates [0, 0, 0, 0, 0, 0] primitive 240
product 0 4 terms 436 coordinates [0, 0, 0, 0, 0, 0] primitive 342
product 0 5 terms 436 coordinates [0, 0, 0, 0, 0, 1] primitive 210
product 0 6 terms 436 coordinates [0, 0, 0, 0, 0, 0] primitive 449
product 0 7 terms 0 coordinates [0, 0, 0, 0, 0, 0] primitive 0
product 0 8 terms 0 coordinates [0, 0, 0, 0, 0, 0] primitive 0
product 1 0 terms 436 coordinates [0, 0, 0, 0, 0, 0] primitive 240
product 1 1 terms 436 coordinates [0, 0, 0, 0, 0, 0] primitive 342
product 1 2 terms 436 coordinates [0, 0, 0, 0, 0, 0] primitive 342
product 1 3 terms 436 coordinates [0, 0, 0, 0, 0, 0] primitive 342
product 1 4 terms 436 coordinates [0, 0, 0, 0, 0, 0] primitive 342
product 1 5 terms 436 coordinates [0, 0, 0, 0, 0, 0] primitive 449
product 1 6 terms 436 coordinates [0, 0, 0, 0, 0, 1] primitive 210
product 1 7 terms 0 coordinates [0, 0, 0, 0, 0, 0] primitive 0
product 1 8 terms 0 coordinates [0, 0, 0, 0, 0, 0] primitive 0
product 2 0 terms 0 coordinates [0, 0, 0, 0, 0, 0] primitive 0
product 2 1 terms 0 coordinates [0, 0, 0, 0, 0, 0] primitive 0
product 2 2 terms 0 coordinates [0, 0, 0, 0, 0, 0] primitive 0
product 2 3 terms 0 coordinates [0, 0, 0, 0, 0, 0] primitive 0
product 2 4 terms 0 coordinates [0, 0, 0, 0, 0, 0] primitive 0
product 2 5 terms 0 coordinates [0, 0, 0, 0, 0, 0] primitive 0
product 2 6 terms 0 coordinates [0, 0, 0, 0, 0, 0] primitive 0
product 2 7 terms 365 coordinates [0, 0, 0, 0, 1, 0] primitive 0
product 2 8 terms 365 coordinates [0, 0, 0, 0, 0, 0] primitive 292
product 3 0 terms 0 coordinates [0, 0, 0, 0, 0, 0] primitive 0
product 3 1 terms 0 coordinates [0, 0, 0, 0, 0, 0] primitive 0
product 3 2 terms 0 coordinates [0, 0, 0, 0, 0, 0] primitive 0
product 3 3 terms 0 coordinates [0, 0, 0, 0, 0, 0] primitive 0
product 3 4 terms 0 coordinates [0, 0, 0, 0, 0, 0] primitive 0
product 3 5 terms 0 coordinates [0, 0, 0, 0, 0, 0] primitive 0
product 3 6 terms 0 coordinates [0, 0, 0, 0, 0, 0] primitive 0
product 3 7 terms 365 coordinates [0, 0, 0, 0, 0, 0] primitive 292
product 3 8 terms 365 coordinates [0, 0, 0, 0, 1, 0] primitive 0
module action saved/replayed

dual row 0 [0, 0, 2]
dual row 1 [0, 0, 0]
dual row 2 [4, 0, 0]
dual row 3 [9, 0, 0]
Serre matrix Matrix([[0, 0, 0, 0, -1, 0], [0, 0, 0, 0, 0, -1], [-1, 0, 0, 0, 0, 0], [0, -1, 0, 0, 0, 0], [0, 0, 1, 0, 0, 0], [0, 0, 0, 1, 0, 0]]) det 1
paired slab 0 [['0', '0', '0', '0', '0', '0'], ['0', '0', '0', '0', '0', '0'], ['0', '0', '0', '0', '0', '0'], ['0', '0', '0', '0', '0', '0'], ['0', '0', '0', '0', '0', '0'], ['0', '-1', '0', '0', '0', '0'], ['0', '0', '0', '0', '0', '0'], ['0', '0', '0', '0', '0', '0'], ['0', '0', '0', '0', '0', '0']]
paired slab 1 [['0', '0', '0', '0', '0', '0'], ['0', '0', '0', '0', '0', '0'], ['0', '0', '0', '0', '0', '0'], ['0', '0', '0', '0', '0', '0'], ['0', '0', '0', '0', '0', '0'], ['0', '0', '0', '0', '0', '0'], ['0', '-1', '0', '0', '0', '0'], ['0', '0', '0', '0', '0', '0'], ['0', '0', '0', '0', '0', '0']]
paired slab 2 [['0', '0', '0', '0', '0', '0'], ['0', '0', '0', '0', '0', '0'], ['0', '0', '0', '0', '0', '0'], ['0', '0', '0', '0', '0', '0'], ['0', '0', '0', '0', '0', '0'], ['0', '0', '0', '0', '0', '0'], ['0', '0', '0', '0', '0', '0'], ['-1', '0', '0', '0', '0', '0'], ['0', '0', '0', '0', '0', '0']]
paired slab 3 [['0', '0', '0', '0', '0', '0'], ['0', '0', '0', '0', '0', '0'], ['0', '0', '0', '0', '0', '0'], ['0', '0', '0', '0', '0', '0'], ['0', '0', '0', '0', '0', '0'], ['0', '0', '0', '0', '0', '0'], ['0', '0', '0', '0', '0', '0'], ['0', '0', '0', '0', '0', '0'], ['-1', '0', '0', '0', '0', '0']]
keywise controls {'keywise_Leibniz': 58230, 'wrong_product_sign': 7546, 'charged_boundaries': 0, 'neutral_boundaries': 0, 'dual_boundaries': 0, 'pairing_boundary_residues': 0}
{
  "Serre_determinant": "1",
  "controls": {
    "keywise_Leibniz": 58230,
    "wrong_product_sign": 7546,
    "charged_boundaries": 48,
    "neutral_boundaries": 36,
    "dual_boundaries": 672,
    "pairing_boundary_residues": 504,
    "basis_shear": 4
  },
  "Higgs_same_gauge_alignment_first_two_flavors": {
    "L_flavors": [
      0,
      1
    ],
    "Lbar_flavors": [
      0,
      1
    ],
    "unit_neutral_F": [
      "0",
      "0",
      "0",
      "0"
    ]
  },
  "Higgs_alternate_flavor_embedding": {
    "L_flavors": [
      5,
      7
    ],
    "Lbar_flavors": [
      1,
      0
    ],
    "unit_neutral_F": [
      "-1",
      "0",
      "-1",
      "0"
    ]
  }
}

{
  "controls": {
    "saved_product_decompositions": 36,
    "dual_exact_changes": 24,
    "quotient_phase_rejected": 1,
    "wrong_curvature_rejected": 2
  },
  "nonzero_tensor_entries": [
    [
      0,
      5,
      1,
      "-1"
    ],
    [
      1,
      6,
      1,
      "-1"
    ],
    [
      2,
      7,
      0,
      "-1"
    ],
    [
      3,
      8,
      0,
      "-1"
    ]
  ],
  "common_charged_kernel_dimension": 5,
  "generic_two_pair_neutral_F": [
    "-b1_0*l5_0 - b1_1*l5_1",
    "-b1_0*l6_0 - b1_1*l6_1",
    "-b0_0*l7_0 - b0_1*l7_1",
    "-b0_0*l8_0 - b0_1*l8_1"
  ]
}

{
  "passed": true,
  "canonical_immutable_replay": true,
  "scripts_replayed": 3,
  "tensor_shape": [
    4,
    9,
    6
  ],
  "nonzero_entries": [
    [
      0,
      5,
      1,
      "-1"
    ],
    [
      1,
      6,
      1,
      "-1"
    ],
    [
      2,
      7,
      0,
      "-1"
    ],
    [
      3,
      8,
      0,
      "-1"
    ]
  ],
  "claim_boundary": "Exact algebraic cubic tensor in explicit invariant cohomology bases; residue normalization fixed to displayed H3 generator. Gauge e32/e33 alignment does not specify geometric flavor embeddings. Neither canonical Kahler normalization nor full physical F/D vacuum is established."
}
